<Koinz_Task.MoviesListViewController>, state: appearing, view: <UIView>